// Jest Snapshot v1, https://goo.gl/fbAQLP

exports[`testBox 1`] = `
Object {
  "100": Array [
    0,
    17,
    9,
    13,
    7,
    1,
    1,
  ],
  "101": Array [
    20,
    84,
    9,
    9,
    7,
    1,
    5,
  ],
  "102": Array [
    47,
    0,
    8,
    15,
    5,
    0,
    1,
  ],
  "103": Array [
    10,
    17,
    9,
    13,
    7,
    1,
    5,
  ],
  "104": Array [
    20,
    17,
    10,
    13,
    8,
    1,
    1,
  ],
  "105": Array [
    103,
    31,
    6,
    12,
    4,
    1,
    2,
  ],
  "106": Array [
    0,
    0,
    8,
    16,
    5,
    0,
    2,
  ],
  "107": Array [
    31,
    17,
    9,
    13,
    7,
    1,
    1,
  ],
  "108": Array [
    101,
    0,
    6,
    13,
    4,
    1,
    1,
  ],
  "109": Array [
    30,
    84,
    11,
    9,
    9,
    1,
    5,
  ],
  "110": Array [
    42,
    84,
    9,
    9,
    7,
    1,
    5,
  ],
  "111": Array [
    52,
    84,
    9,
    9,
    7,
    1,
    5,
  ],
  "112": Array [
    41,
    17,
    9,
    13,
    7,
    1,
    5,
  ],
  "113": Array [
    51,
    17,
    9,
    13,
    7,
    1,
    5,
  ],
  "114": Array [
    62,
    84,
    9,
    9,
    7,
    1,
    5,
  ],
  "115": Array [
    72,
    84,
    8,
    9,
    6,
    1,
    5,
  ],
  "116": Array [
    78,
    71,
    8,
    11,
    6,
    1,
    3,
  ],
  "117": Array [
    81,
    84,
    9,
    9,
    7,
    1,
    5,
  ],
  "118": Array [
    91,
    84,
    10,
    9,
    8,
    1,
    5,
  ],
  "119": Array [
    0,
    94,
    11,
    9,
    9,
    1,
    5,
  ],
  "120": Array [
    12,
    94,
    9,
    9,
    7,
    1,
    5,
  ],
  "121": Array [
    61,
    17,
    9,
    13,
    7,
    1,
    5,
  ],
  "122": Array [
    22,
    94,
    8,
    9,
    6,
    1,
    5,
  ],
  "123": Array [
    31,
    0,
    7,
    16,
    5,
    1,
    1,
  ],
  "124": Array [
    25,
    0,
    5,
    16,
    3,
    1,
    1,
  ],
  "125": Array [
    39,
    0,
    7,
    16,
    5,
    1,
    1,
  ],
  "32": Array [
    0,
    0,
    0,
    0,
    8,
    0,
    0,
  ],
  "33": Array [
    83,
    17,
    7,
    13,
    5,
    1,
    1,
  ],
  "34": Array [
    67,
    94,
    8,
    6,
    6,
    1,
    1,
  ],
  "35": Array [
    53,
    71,
    12,
    12,
    10,
    1,
    3,
  ],
  "36": Array [
    79,
    0,
    11,
    14,
    9,
    1,
    1,
  ],
  "37": Array [
    94,
    71,
    11,
    10,
    10,
    2,
    3,
  ],
  "38": Array [
    66,
    71,
    11,
    12,
    9,
    1,
    3,
  ],
  "39": Array [
    76,
    94,
    5,
    6,
    3,
    1,
    1,
  ],
  "40": Array [
    9,
    0,
    7,
    16,
    5,
    1,
    1,
  ],
  "41": Array [
    17,
    0,
    7,
    16,
    5,
    1,
    1,
  ],
  "42": Array [
    31,
    94,
    9,
    9,
    8,
    2,
    1,
  ],
  "43": Array [
    41,
    94,
    9,
    8,
    7,
    1,
    5,
  ],
  "44": Array [
    60,
    94,
    6,
    6,
    4,
    1,
    10,
  ],
  "45": Array [
    0,
    104,
    8,
    5,
    6,
    1,
    6,
  ],
  "46": Array [
    9,
    104,
    5,
    5,
    3,
    1,
    10,
  ],
  "47": Array [
    56,
    0,
    8,
    15,
    6,
    1,
    1,
  ],
  "48": Array [
    16,
    31,
    9,
    12,
    7,
    1,
    2,
  ],
  "49": Array [
    26,
    31,
    6,
    12,
    4,
    1,
    2,
  ],
  "50": Array [
    33,
    31,
    9,
    12,
    7,
    1,
    2,
  ],
  "51": Array [
    43,
    31,
    9,
    12,
    7,
    1,
    2,
  ],
  "52": Array [
    53,
    31,
    9,
    12,
    7,
    1,
    2,
  ],
  "53": Array [
    63,
    31,
    9,
    12,
    7,
    1,
    2,
  ],
  "54": Array [
    73,
    31,
    9,
    12,
    7,
    1,
    2,
  ],
  "55": Array [
    83,
    31,
    9,
    12,
    7,
    1,
    2,
  ],
  "56": Array [
    93,
    31,
    9,
    12,
    7,
    1,
    2,
  ],
  "57": Array [
    0,
    45,
    9,
    12,
    7,
    1,
    2,
  ],
  "58": Array [
    102,
    84,
    5,
    9,
    4,
    2,
    6,
  ],
  "59": Array [
    87,
    71,
    6,
    10,
    3,
    0,
    6,
  ],
  "61": Array [
    51,
    94,
    8,
    8,
    6,
    1,
    5,
  ],
  "63": Array [
    91,
    17,
    9,
    13,
    7,
    1,
    1,
  ],
  "64": Array [
    0,
    31,
    15,
    13,
    13,
    1,
    2,
  ],
  "65": Array [
    10,
    45,
    10,
    12,
    8,
    1,
    2,
  ],
  "66": Array [
    21,
    45,
    10,
    12,
    8,
    1,
    2,
  ],
  "67": Array [
    32,
    45,
    9,
    12,
    7,
    1,
    2,
  ],
  "68": Array [
    42,
    45,
    10,
    12,
    8,
    1,
    2,
  ],
  "69": Array [
    53,
    45,
    9,
    12,
    7,
    1,
    2,
  ],
  "70": Array [
    63,
    45,
    9,
    12,
    7,
    1,
    2,
  ],
  "71": Array [
    73,
    45,
    10,
    12,
    8,
    1,
    2,
  ],
  "72": Array [
    84,
    45,
    10,
    12,
    8,
    1,
    2,
  ],
  "73": Array [
    101,
    17,
    8,
    12,
    6,
    1,
    2,
  ],
  "74": Array [
    0,
    58,
    9,
    12,
    7,
    1,
    2,
  ],
  "75": Array [
    10,
    58,
    10,
    12,
    8,
    1,
    2,
  ],
  "76": Array [
    21,
    58,
    9,
    12,
    7,
    1,
    2,
  ],
  "77": Array [
    31,
    58,
    12,
    12,
    10,
    1,
    2,
  ],
  "78": Array [
    44,
    58,
    10,
    12,
    8,
    1,
    2,
  ],
  "79": Array [
    55,
    58,
    10,
    12,
    8,
    1,
    2,
  ],
  "80": Array [
    66,
    58,
    9,
    12,
    7,
    1,
    2,
  ],
  "81": Array [
    71,
    17,
    11,
    13,
    10,
    2,
    2,
  ],
  "82": Array [
    76,
    58,
    9,
    12,
    7,
    1,
    2,
  ],
  "83": Array [
    86,
    58,
    9,
    12,
    7,
    1,
    2,
  ],
  "84": Array [
    96,
    58,
    10,
    12,
    8,
    1,
    2,
  ],
  "85": Array [
    0,
    71,
    9,
    12,
    7,
    1,
    2,
  ],
  "86": Array [
    10,
    71,
    10,
    12,
    8,
    1,
    2,
  ],
  "87": Array [
    95,
    45,
    14,
    12,
    12,
    1,
    2,
  ],
  "88": Array [
    21,
    71,
    10,
    12,
    8,
    1,
    2,
  ],
  "89": Array [
    32,
    71,
    10,
    12,
    8,
    1,
    2,
  ],
  "90": Array [
    43,
    71,
    9,
    12,
    7,
    1,
    2,
  ],
  "91": Array [
    65,
    0,
    6,
    15,
    4,
    1,
    1,
  ],
  "93": Array [
    72,
    0,
    6,
    15,
    4,
    1,
    1,
  ],
  "94": Array [
    82,
    94,
    9,
    6,
    7,
    1,
    1,
  ],
  "95": Array [
    15,
    104,
    9,
    4,
    7,
    1,
    13,
  ],
  "97": Array [
    0,
    84,
    9,
    9,
    7,
    1,
    5,
  ],
  "98": Array [
    91,
    0,
    9,
    13,
    7,
    1,
    1,
  ],
  "99": Array [
    10,
    84,
    9,
    9,
    7,
    1,
    5,
  ],
}
`;
